exports[`RadioButton component renders as expected 1`] = `
<label
  checked={false}
  className="sc-bwzfXH htHPuU sc-bdVaJa fskDIC"
  disabled={false}
  htmlFor="test">
  <input
    className="sc-htpNat vkqtM"
    disabled={false}
    id="test"
    name="rad"
    onChange={[Function]}
    type="radio"
    value={undefined} />
  <span
    className="radio-fill sc-ifAKCX gnYOzT"
    fill="#fff" />
  <span
    className="sc-bxivhb bRNnnP">
    test
  </span>
</label>
`;
