// Jest Snapshot v1, https://goo.gl/fbAQLP

exports[`BreadcrumbTestSuite renders as expected 1`] = `
<div>
  <span>
    <a
      href="/test"
    >
      test
    </a>
  </span>
  <span>
    <i
      aria-hidden={true}
      className="sc-bdVaJa cdZdrm"
      content="61a"
      fontFamily="indv-mkt-icons"
      fontSize="inherit"
    />
    <a
      href="/test2"
    >
      test2
    </a>
  </span>
</div>
`;
