exports[`popoverLink component renders as expected 1`] = `
<span>
  <span>
    <button
      aria-haspopup="dialog"
      className="sc-chPdSV gDBNOW sc-bZQynM kMNeGw sc-bwzfXH dwzega"
      data-trigger="focus"
      onClick={[Function]}>
      This is the popover link text.
    </button>
  </span>
</span>
`;
