exports[`test Checkbox renders as expected 1`] = `
<label
  className="sc-bwzfXH hJvYSm"
  disabled={true}>
  <input
    checked={true}
    className="sc-htpNat faSnhJ"
    onChange={[Function]}
    type="checkbox" />
  <span
    className="checkbox-fill sc-bxivhb kjuRVg" />
  <span
    className="sc-ifAKCX gsuSvB">
    Render test
  </span>
</label>
`;
